
ASEM-51 V1.3                                         Copyright (c) 2002 by W.W. Heinz                                         PAGE 1





       MCS-51 Family Macro Assembler   A S E M - 5 1   V 1.3
       =====================================================



	Source File:	D:\Electonices design\assembly lan_code_3\led1_1.asm
	Object File:	D:\Electonices design\assembly lan_code_3\led1_1.hex
	List File:	D:\Electonices design\assembly lan_code_3\led1_1.lst



 Line  I  Addr  Code            Source

    1:		N      0000	org 0h
    2:	  0000	75 A0 00	mov P2, #0
    3:	  0003	7C 0A		start: mov r4,#10
    4:
    5:
    6:	  0005			   stage1:
    7:
    8:	  0005	75 A0 00	         mov p2,#00h
    9:	  0008	12 00 48	         call delay
   10:	  000B	75 A0 FF	         mov p2,#0ffh
   11:	  000E	12 00 48	         call delay
   12:				         ;djnz r4,stage1
   13:	  0011	7C 0A		         mov r4,#10
   14:
   15:
   16:
   17:
   18:	  0013	75 A0 01	mov P2, #00000001b
   19:	  0016	12 00 48	call delay
   20:	  0019	75 A0 02	mov P2, #00000010b
   21:	  001C	12 00 48	call delay
   22:	  001F	75 A0 04	mov P2, #00000100b
   23:	  0022	12 00 48	call delay
   24:	  0025	75 A0 08	mov P2, #00001000b
   25:	  0028	12 00 48	call delay
   26:	  002B	75 A0 10	mov P2, #00010000b
   27:	  002E	12 00 48	call delay
   28:	  0031	75 A0 10	mov P2, #0010000b
   29:	  0034	12 00 48	call delay
   30:	  0037	75 A0 40	mov P2, #01000000b
   31:	  003A	12 00 48	call delay
   32:	  003D	75 A0 80	mov P2, #10000000b
   33:	  0040	12 00 48	call delay
   34:	  0043	80 BE		JMP start
   35:	  0045	12 00 48	call delay
   36:
   37:	  0048			delay:
   38:	  0048	79 E1		     mov R1, #225
   39:	  004A	78 FF		     Slow: mov R0, #255
   40:	  004C	00		     Slower: NOP
   41:	  004D	D8 FD		     DJNZ R0, slower
   42:	  004F	D9 F9		     DJNZ R1, slow
   43:	  0051	22		     RET

ASEM-51 V1.3                                         Copyright (c) 2002 by W.W. Heinz                                         PAGE 2



 Line  I  Addr  Code            Source

   44:				 END





                     register banks used:  ---

                     no errors




ASEM-51 V1.3                                         Copyright (c) 2002 by W.W. Heinz                                         PAGE 3





	       L I S T   O F   S Y M B O L S
	       =============================


SYMBOL				  TYPE     VALUE	LINE
------------------------------------------------------------
??ASEM_51			  NUMBER    8051
??VERSION			  NUMBER    0130
AC				  BIT	      D6
ACC				  DATA	      E0
B				  DATA	      F0
CY				  BIT	      D7
DELAY				  CODE	    0048	  37
DPH				  DATA	      83
DPL				  DATA	      82
EA				  BIT	      AF
ES				  BIT	      AC
ET0				  BIT	      A9
ET1				  BIT	      AB
EX0				  BIT	      A8
EX1				  BIT	      AA
EXTI0				  CODE	    0003
EXTI1				  CODE	    0013
F0				  BIT	      D5
IE				  DATA	      A8
IE0				  BIT	      89
IE1				  BIT	      8B
INT0				  BIT	      B2
INT1				  BIT	      B3
IP				  DATA	      B8
IT0				  BIT	      88
IT1				  BIT	      8A
OV				  BIT	      D2
P				  BIT	      D0
P0				  DATA	      80
P1				  DATA	      90
P2				  DATA	      A0
P3				  DATA	      B0
PCON				  DATA	      87
PS				  BIT	      BC
PSW				  DATA	      D0
PT0				  BIT	      B9
PT1				  BIT	      BB
PX0				  BIT	      B8
PX1				  BIT	      BA
RB8				  BIT	      9A
RD				  BIT	      B7
REN				  BIT	      9C
RESET				  CODE	    0000
RI				  BIT	      98
RS0				  BIT	      D3
RS1				  BIT	      D4
RXD				  BIT	      B0
SBUF				  DATA	      99
SCON				  DATA	      98
SINT				  CODE	    0023

ASEM-51 V1.3                                         Copyright (c) 2002 by W.W. Heinz                                         PAGE 4



SYMBOL				  TYPE     VALUE	LINE
------------------------------------------------------------
SLOW				  CODE	    004A	  39
SLOWER				  CODE	    004C	  40
SM0				  BIT	      9F
SM1				  BIT	      9E
SM2				  BIT	      9D
SP				  DATA	      81
STAGE1				  CODE	    0005	   6
START				  CODE	    0003	   3
T0				  BIT	      B4
T1				  BIT	      B5
TB8				  BIT	      9B
TCON				  DATA	      88
TF0				  BIT	      8D
TF1				  BIT	      8F
TH0				  DATA	      8C
TH1				  DATA	      8D
TI				  BIT	      99
TIMER0				  CODE	    000B
TIMER1				  CODE	    001B
TL0				  DATA	      8A
TL1				  DATA	      8B
TMOD				  DATA	      89
TR0				  BIT	      8C
TR1				  BIT	      8E
TXD				  BIT	      B1
WR				  BIT	      B6
